[aegontrade.com/index.html]
[backblue.gif]
[fade.gif]
[index.html]
[aegontrade.com/assets/newfront/images/common/icons/new-fav-icons/favicon.ico]
[aegontrade.com/assets/images/seo/62e1644a6eaf71658938442.png]
[cdn.multibankfx.com/library/js/intlTelInput.min.js]
[aegontrade.com/assets/newfront/static_js/jquery.min.js]
[aegontrade.com/assets/newfront/static_js/jquery.validate.min.js]
[cdn.multibankfx.com/library/js/swiper.min3860.js]
[cdn.jsdelivr.net/npm/bootstrap-icons@1.7.0/font/bootstrap-icons.min.css]
[aegontrade.com/assets/newfront/static_js/main﹖v=20.js]
[aegontrade.com/assets/newfront/fonts/NeoSansArabic.eot]
[aegontrade.com/assets/newfront/fonts/NeoSansArabic﹖.eot]
[aegontrade.com/assets/newfront/fonts/NeoSansArabic.woff2]
[aegontrade.com/assets/newfront/fonts/NeoSansArabic.woff]
[aegontrade.com/assets/newfront/fonts/NeoSansArabic.ttf]
[aegontrade.com/login.html]
[aegontrade.com/register.html]
[aegontrade.com/assets/newfront/images/header-footer/logos/MultibankFxShortLogo.png]
[aegontrade.com/partner.html]
[aegontrade.com/contact.html]
[aegontrade.com/index.15.delayed]
[aegontrade.com/about.html]
[aegontrade.com/about/regulations.html]
[aegontrade.com/about/expert-traders.html]
[aegontrade.com/about/career.html]
[aegontrade.com/products/social-copy-trading.html]
[aegontrade.com/products/forex.html]
[aegontrade.com/products/metals.html]
[aegontrade.com/products/stocks-shares.html]
[aegontrade.com/products/commodities.html]
[aegontrade.com/products/indices.html]
[aegontrade.com/products/crypto.html]
[aegontrade.com/products/realestate.html]
[aegontrade.com/products/infrastructure.html]
[aegontrade.com/tools/news-insight.html]
[aegontrade.com/tools/trading-tools.html]
[aegontrade.com/assets/newfront/images/header-footer/banners/menu_banner-en﹖v2.webp]
[aegontrade.com/account/demo-account.27.delayed]
[aegontrade.com/assets/newfront/images/header-footer/logos/MultibankFxShortLogo2.png]
[aegontrade.com/ar/mexglobal]
[aegontrade.com/public_files/images/header-footer/logos/logo-mexae1b26.svg]
[aegontrade.com/assets/newfront/forex-trading.jpg]
[aegontrade.com/tools/trading-conditions.html]
[s3.tradingview.com/external-embedding/embed-widget-ticker-tape.js]
[aegontrade.com/assets/newfront/images/home/animated-home/products-mixed-icons/COTTON 2@2x.webp]
[aegontrade.com/assets/newfront/images/home/animated-home/products-mixed-icons/OIL@2x.webp]
[aegontrade.com/assets/newfront/images/home/animated-home/products-mixed-icons/Pound@2x.webp]
[aegontrade.com/assets/newfront/images/home/animated-home/products-mixed-icons/COTTON@2x.webp]
[aegontrade.com/assets/newfront/images/home/animated-home/products-mixed-icons/Background 1@2x.webp]
[aegontrade.com/assets/newfront/images/home/animated-home/products-mixed-icons/Background 3@2x.webp]
[aegontrade.com/assets/newfront/images/home/animated-home/products-mixed-icons/POLKA DOT@2x.webp]
[aegontrade.com/assets/newfront/images/home/animated-home/products-mixed-icons/Tesla@2x.webp]
[aegontrade.com/assets/newfront/images/home/animated-home/products-mixed-icons/Amazon@2x.webp]
[aegontrade.com/assets/newfront/images/home/animated-home/products-mixed-icons/Background 2@2x.webp]
[aegontrade.com/assets/newfront/images/home/animated-home/products-mixed-icons/STELLAR@2x.webp]
[aegontrade.com/assets/newfront/images/home/animated-home/products-mixed-icons/BITCOIN@2x.webp]
[aegontrade.com/assets/newfront/images/home/animated-home/products-mixed-icons/Lira@2x.webp]
[aegontrade.com/assets/newfront/images/home/animated-home/products-mixed-icons/ETHEREUM@2x.webp]
[aegontrade.com/assets/newfront/images/home/animated-home/products-mixed-icons/META@2x.webp]
[aegontrade.com/assets/newfront/images/home/animated-home/products-mixed-icons/NVIDIA@2x.webp]
[aegontrade.com/assets/newfront/images/home/animated-home/products-mixed-icons/SILVER@2x.webp]
[aegontrade.com/assets/newfront/images/home/animated-home/products-mixed-icons/GOLD@2x.webp]
[aegontrade.com/assets/newfront/images/home/animated-home/products-mixed-icons/EOS@2x.webp]
[aegontrade.com/assets/newfront/images/home/animated-home/products-mixed-icons/TETHER@2x.webp]
[aegontrade.com/assets/newfront/images/home/animated-home/products-mixed-icons/Background 5@2x.webp]
[aegontrade.com/assets/newfront/images/home/animated-home/products-mixed-icons/Frank@2x.webp]
[aegontrade.com/assets/newfront/images/home/animated-home/products-mixed-icons/NASDAQ@2x.webp]
[aegontrade.com/assets/newfront/images/home/animated-home/products-mixed-icons/US30@2x.webp]
[aegontrade.com/assets/newfront/images/home/animated-home/products-mixed-icons/CARDANO@2x.webp]
[aegontrade.com/assets/newfront/images/home/animated-home/products-mixed-icons/Euro@2x.webp]
[aegontrade.com/assets/newfront/images/home/animated-home/products-mixed-icons/Dollar@2x.webp]
[aegontrade.com/assets/newfront/images/home/animated-home/products-mixed-icons/Background 4@2x.webp]
[aegontrade.com/assets/newfront/images/home/animated-home/products-mixed-icons/S&P500@2x.webp]
[aegontrade.com/assets/newfront/images/home/animated-home/products-mixed-icons/US500@2x.webp]
[aegontrade.com/assets/newfront/images/social_trading/new/img-socialTrading-sideBubble2@2x.png]
[aegontrade.com/assets/newfront/images/social_trading/new/img-socialTrading-mainBubble1@2x.png]
[aegontrade.com/assets/newfront/images/social_trading/new/img-socialTrading-sideBubble1@2x.png]
[aegontrade.com/assets/newfront/images/social_trading/new/img-statCard1@2x.png]
[aegontrade.com/assets/newfront/images/social_trading/new/img-socialTrading-sideBubble5@2x.png]
[aegontrade.com/assets/newfront/images/social_trading/new/img-socialTrading-mainBubble2@2x.png]
[aegontrade.com/assets/newfront/images/social_trading/new/img-socialTrading-sideBubble6@2x.png]
[aegontrade.com/assets/newfront/images/social_trading/new/img-statCard2@2x.png]
[aegontrade.com/assets/newfront/images/social_trading/new/img-socialTrading-sideBubble3@2x.png]
[aegontrade.com/assets/newfront/images/social_trading/new/img-socialTrading-mainBubble3@2x.png]
[aegontrade.com/assets/newfront/images/social_trading/new/img-statCard3@2x.png]
[aegontrade.com/assets/newfront/13519515_AegontradeTRADE_2021-07-20-Copy.pdf]
[aegontrade.com/public_files/images/platforms/download_center/download-brochure-desktop.png]
[aegontrade.com/public_files/images/platforms/download_center/download-brochure-desktop-hover.png]
[aegontrade.com/public_files/images/platforms/download_center/download-brochure-mob.png]
[aegontrade.com/public_files/images/platforms/download_center/download-brochure-mob-hover.png]
[aegontrade.com/public_files/images/platforms/download_center/buttons/download-mfx-brochure-desktop-ar.svg]
[aegontrade.com/public_files/images/platforms/download_center/buttons/download-mfx-brochure-desktop-ar-hover.svg]
[aegontrade.com/public_files/images/platforms/download_center/buttons/download-mfx-brochure-mobile-ar.svg]
[aegontrade.com/public_files/images/platforms/download_center/buttons/download-mfx-brochure-mobile-ar-hover.svg]
[aegontrade.com/public_files/images/platforms/download_center/buttons/download-mfx-brochure-desktop-fr.svg]
[aegontrade.com/public_files/images/platforms/download_center/buttons/download-mfx-brochure-desktop-fr-hovered.svg]
[aegontrade.com/public_files/images/platforms/download_center/buttons/download-mfx-brochure-mobile-fr.svg]
[aegontrade.com/public_files/images/platforms/download_center/buttons/download-mfx-brochure-mobile-fr-hovered.svg]
[aegontrade.com/public_files/images/platforms/download_center/buttons/download-mfx-brochure-desktop-it.svg]
[aegontrade.com/public_files/images/platforms/download_center/buttons/download-mfx-brochure-desktop-it-hovered.svg]
[aegontrade.com/public_files/images/platforms/download_center/buttons/download-mfx-brochure-mobile-it.svg]
[aegontrade.com/public_files/images/platforms/download_center/buttons/download-mfx-brochure-mobile-it-hovered.svg]
[aegontrade.com/public_files/images/platforms/download_center/buttons/download-mfx-brochure-desktop-latam.svg]
[aegontrade.com/public_files/images/platforms/download_center/buttons/download-mfx-brochure-desktop-latam-hovered.svg]
[aegontrade.com/public_files/images/platforms/download_center/buttons/download-mfx-brochure-mobile-latam.svg]
[aegontrade.com/public_files/images/platforms/download_center/buttons/download-mfx-brochure-mobile-latam-hovered.svg]
[aegontrade.com/public_files/images/platforms/download_center/buttons/download-mfx-brochure-desktop-ru.svg]
[aegontrade.com/public_files/images/platforms/download_center/buttons/download-mfx-brochure-desktop-ru-hovered.svg]
[aegontrade.com/public_files/images/platforms/download_center/buttons/download-mfx-brochure-mobile-ru.svg]
[aegontrade.com/public_files/images/platforms/download_center/buttons/download-mfx-brochure-mobile-ru-hovered.svg]
[aegontrade.com/public_files/images/platforms/download_center/buttons/download-mfx-brochure-desktop-tw.svg]
[aegontrade.com/public_files/images/platforms/download_center/buttons/download-mfx-brochure-desktop-tw-hovered.svg]
[aegontrade.com/public_files/images/platforms/download_center/buttons/download-mfx-brochure-mobile-tw.svg]
[aegontrade.com/public_files/images/platforms/download_center/buttons/download-mfx-brochure-mobile-tw-hovered.svg]
[aegontrade.com/public_files/images/platforms/download_center/buttons/download-mfx-brochure-desktop-zh.svg]
[aegontrade.com/public_files/images/platforms/download_center/buttons/download-mfx-brochure-desktop-zh-hovered.svg]
[aegontrade.com/public_files/images/platforms/download_center/buttons/download-mfx-brochure-mobile-zh.svg]
[aegontrade.com/public_files/images/platforms/download_center/buttons/download-mfx-brochure-mobile-zh-hovered.svg]
[cdnjs.cloudflare.com/ajax/libs/socket.io/4.0.1/socket.io.min.js]
[aegontrade.com/document.location]
[aegontrade.com/assets/newfront/images/home/animated-home/trading-platforms/multibank-mt4-mt5-app-1.webp]
[aegontrade.com/assets/newfront/images/home/animated-home/trading-platforms/multibank-mt4-mt5-app-3.webp]
[aegontrade.com/assets/newfront/images/home/animated-home/trading-platforms/multibank-mt4-mt5-app-2.webp]
[aegontrade.com/assets/newfront/images/home/animated-home/trading-platforms/multibank-ctrader-app-1.webp]
[aegontrade.com/assets/newfront/images/home/animated-home/trading-platforms/multibank-ctrader-app-3.webp]
[aegontrade.com/assets/newfront/images/home/animated-home/trading-platforms/multibank-ctrader-app-4.webp]
[s3.tradingview.com/external-embedding/embed-widget-market-quotes.js]
[aegontrade.com/assets/newfront/images/home/animated-home/advantages/list-candles.png]
[aegontrade.com/assets/newfront/images/home/animated-home/ib/bg-ib-section-mobile.webp]
[aegontrade.com/assets/newfront/images/home/animated-home/advantages/adv-regulations.webp]
[aegontrade.com/assets/newfront/images/home/animated-home/advantages/adv-products.webp]
[aegontrade.com/assets/newfront/images/home/animated-home/advantages/adv-platforms.webp]
[aegontrade.com/assets/newfront/images/home/animated-home/advantages/adv-services.webp]
[aegontrade.com/assets/newfront/images/home/animated-home/security-of-funds/mfx-security-of-funds.webp]
[aegontrade.com/assets/images/frontend/testimonial/633554355c4c31664439349.jpg]
[aegontrade.com/assets/images/frontend/testimonial/633710898f5891664553097.jpg]
[aegontrade.com/assets/images/frontend/testimonial/633222e7546d71664230119.jpg]
[aegontrade.com/assets/images/frontend/testimonial/6332203ae66ae1664229434.jpg]
[aegontrade.com/assets/images/frontend/testimonial/63321dfd4ca661664228861.jpg]
[aegontrade.com/assets/images/frontend/testimonial/63321ce8172f41664228584.jpg]
[aegontrade.com/assets/images/frontend/testimonial/63321a2901c5c1664227881.jpg]
[aegontrade.com/assets/images/logoIcon/logo.png]
[aegontrade.com/index.html]
[www.smartsuppchat.com/loaderd41d.js]
[cdn.multibankfx.com/library/img/flags.png]
[cdn.multibankfx.com/library/img/flags@2x.png]
[cdn.multibankfx.com/library/css/intlTelInput.css]
[cdn.multibankfx.com/library/css/swiper-bundle.min3860.css]
[cdn.jsdelivr.net/npm/bootstrap-icons@1.7.0/font/fonts/bootstrap-icons50ab.woff2]
[cdn.jsdelivr.net/npm/bootstrap-icons@1.7.0/font/fonts/bootstrap-icons50ab.woff]
[cdn.jsdelivr.net/npm/bootstrap-icons@1.7.0/font/bootstrap-icons.min.css]
[aegontrade.com/assets/newfront/static_css/bootstrap-grid.min﹖v1.css]
[aegontrade.com/assets/images/logoIcon/favicon.ico]
[aegontrade.com/assets/images/seo/62e1644a6eaf71658938442.jpg]
[aegontrade.com/assets/newfront/auth/favicon-prod.ico]
[use.typekit.net/gml4hsn.css]
[cdnjs.cloudflare.com/ajax/libs/jquery/2.2.4/jquery.min.js]
[aegontrade.com/assets/newfront/auth/client/images/logos/my-multibank-logo.png]
[aegontrade.com/password/reset.html]
[aegontrade.com/assets/newfront/auth/client/app﹖ver=3.13.14.js]
[aegontrade.com/assets/newfront/auth/client/login﹖ver=3.13.14.js]
[aegontrade.com/assets/templates/basic/assets/js/bundle19ce.js]
[aegontrade.com/assets/global/js/iziToast.min.js]
[aegontrade.com/login.html]
[aegontrade.com/register.html]
[aegontrade.com/assets/newfront/images/landing_page/lp/introducing-broker-page/ibp-hero-d-1920﹖v4.webp]
[aegontrade.com/assets/newfront/images/landing_page/lp/ib-offer-2022/ib-hero-t﹖v4.webp]
[aegontrade.com/assets/newfront/images/landing_page/lp/ib-offer-2022/ib-hero-m﹖v4.webp]
[aegontrade.com/assets/newfront/images/landing_page/ib-offers-sep/ib-rewards-program/how-easy/trading.png]
[aegontrade.com/assets/newfront/images/landing_page/ib-offers-sep/ib-rewards-program/how-easy/ib-hero-m.png]
[aegontrade.com/assets/newfront/images/landing_page/lp/multibank-mobile-app@2x.png]
[aegontrade.com/assets/newfront/images/landing_page/lp/ib-program-includes-opt.png]
[aegontrade.com/assets/newfront/images/landing_page/ib-offers-sep/ib-rewards-program/how-easy/register-as-an-ib.webp]
[aegontrade.com/assets/newfront/images/landing_page/ib-offers-sep/ib-rewards-program/how-easy/introduce.png]
[aegontrade.com/assets/newfront/images/landing_page/ib-offers-sep/ib-rewards-program/how-easy/earn.png]
[aegontrade.com/partner.html]
[aegontrade.com/..https_/aegontrade.com/assets/newfront/images/contact/flags-sprite﹖v1.png]
[aegontrade.com/..https_/aegontrade.com/assets/newfront/images/contact/flag-globe.svg]
[aegontrade.com/assets/newfront/images/mex-atlantic/pdf/AGR_MEXATL_ClientAgreement_v7_20210830.pdf]
[aegontrade.com/assets/newfront/images/mex-atlantic/pdf/MEXAtlantic_PrivacyPolicy.pdf]
[aegontrade.com/assets/newfront/images/mex-atlantic/pdf/MEXAtlantic_CookiePolicy.pdf]
[aegontrade.com/contact.html]
[aegontrade.com/index-2.html]
[aegontrade.com/assets/newfront/images/about_us/why-multibank/why-multibank-hero-3.webp]
[aegontrade.com/assets/newfront/images/about_us/why-multibank/Mobile - Header.webp]
[cms.multibankfx.com/public_files/images/about_us/why-multibank/Mask Group 29.c7.delayed]
[aegontrade.com/about.html]
[aegontrade.com/about/account/demo-account.html]
[aegontrade.com/assets/newfront/images/landing_page/eu/flags/au.png]
[aegontrade.com/assets/newfront/images/landing_page/eu/flags/de.png]
[aegontrade.com/assets/newfront/images/landing_page/eu/flags/ky.png]
[aegontrade.com/assets/newfront/images/landing_page/eu/flags/ae.png]
[aegontrade.com/assets/newfront/images/landing_page/eu/flags/bvi.png]
[aegontrade.com/assets/newfront/images/landing_page/eu/flags/at.png]
[aegontrade.com/assets/newfront/images/landing_page/eu/flags/MS.png]
[aegontrade.com/assets/newfront/images/landing_page/eu/flags/cn.png]
[aegontrade.com/assets/newfront/images/landing_page/eu/flags/vu.png]
[cdnjs.cloudflare.com/ajax/libs/Swiper/8.0.6/swiper-bundle.min.js]
[cdnjs.cloudflare.com/ajax/libs/Swiper/8.0.6/swiper-bundle.css]
[aegontrade.com/about/regulations.html]
[aegontrade.com/assets/newfront/images/leaderboard/img-globebg.png]
[aegontrade.com/public_files/images/social_trading/new/svgs/3d-gold.png]
[aegontrade.com/assets/templates/basic/newfront/jpeg/1.jpg]
[aegontrade.com/assets/templates/basic/newfront/jpeg/3.jpg]
[aegontrade.com/assets/templates/basic/newfront/jpeg/4.jpg]
[aegontrade.com/assets/templates/basic/newfront/jpeg/5.jpg]
[aegontrade.com/assets/templates/basic/newfront/jpeg/6.jpg]
[aegontrade.com/assets/templates/basic/newfront/jpeg/7.jpg]
[aegontrade.com/about/expert-traders.html]
[aegontrade.com/assets/newfront/images/about_us/career_new_page/header-careerpage-m@2x.png]
[aegontrade.com/assets/newfront/images/about_us/career_new_page/header-careerpage-d@2x.png]
[aegontrade.com/assets/newfront/images/about_us/career_new_page/header-careerpage-d@2x.webp]
[aegontrade.com/assets/newfront/images/about_us/career_new_page/backlines.png]
[aegontrade.com/about/career.html]
[aegontrade.com/products/account/demo-account.e6.delayed]
[aegontrade.com/products/document.location]
[aegontrade.com/assets/newfront/images/social_trading/new/img-socialTrading-visual1-m@2x.png]
[aegontrade.com/assets/newfront/images/social_trading/new/img-socialTrading-makeProfits@2x.png]
[aegontrade.com/products/social-copy-trading.html]
[cdn.datatables.net/v/dt/dt-1.12.1/datatables.min.js]
[aegontrade.com/assets/newfront/images/products/forex/forex-hero-new-d.png]
[aegontrade.com/assets/newfront/mfxVueLibraries/bonusRibbon﹖v2.js]
[cdn.datatables.net/v/dt/dt-1.12.1/datatables.min.css]
[unpkg.com/aos@2.3.1/dist/aos.js]
[aegontrade.com/assets/newfront/images/products/newproducts/flag/fx-]
[aegontrade.com/products/forex.html]
[aegontrade.com/assets/newfront/images/products/metals/metals-hero-d.png]
[aegontrade.com/products/metals.html]
[cdnjs.cloudflare.com/ajax/libs/dayjs/1.11.5/dayjs.min.js]
[aegontrade.com/assets/newfront/images/products/shares/shares-hero-new-d.png]
[aegontrade.com/products/stocks-shares.html]
[aegontrade.com/assets/newfront/images/products/indices/indices-hero-d.png]
[aegontrade.com/products/indices.html]
[aegontrade.com/assets/newfront/images/products/commodities/commodities-hero-d.png]
[aegontrade.com/products/commodities.html]
[aegontrade.com/assets/newfront/images/products/crypto/crytpo-hero-d.png]
[aegontrade.com/products/crypto.html]
[aegontrade.com/assets/newfront/images/platforms/MT4-bg-m.png]
[aegontrade.com/assets/newfront/images/platforms/realestate.png]
[aegontrade.com/assets/newfront/images/platforms/1real.jpg]
[aegontrade.com/assets/newfront/images/platforms/2real.png]
[aegontrade.com/assets/newfront/images/platforms/3real.jpg]
[aegontrade.com/assets/newfront/images/platforms/4real.png]
[aegontrade.com/assets/newfront/images/platforms/5real.jpg]
[aegontrade.com/assets/newfront/images/platforms/6real.jpg]
[aegontrade.com/products/-hover.svg]
[aegontrade.com/products/-hover.png]
[aegontrade.com/products/realestate.html]
[aegontrade.com/assets/newfront/images/platforms/infa.png]
[aegontrade.com/assets/newfront/images/platforms/2infa.jpg]
[aegontrade.com/assets/newfront/images/platforms/3infa.jpg]
[aegontrade.com/assets/newfront/images/platforms/4infa.jpg]
[aegontrade.com/assets/newfront/images/platforms/5infa.jpg]
[aegontrade.com/products/infrastructure.html]
[aegontrade.com/tools/account/demo-account.html]
[www.tradays.com/c/js/widgets/calendar/widgetc9f0.js]
[aegontrade.com/tools/news-insight.html]
[aegontrade.com/assets/newfront/images/landing_page/optimized-image/PNG/Forex Hero Image - Desktop.png]
[aegontrade.com/assets/newfront/images/tools/png/VPS Hosting - Flat.png]
[aegontrade.com/assets/newfront/images/tools/png/Expert Advisors - Flat.png]
[aegontrade.com/assets/newfront/images/tools/png/MAM PAMM - Flat.png]
[aegontrade.com/assets/newfront/images/tools/png/FIX Api - Flat.png]
[cdnjs.cloudflare.com/ajax/libs/font-awesome/5.14.0/css/all.min.css]
[aegontrade.com/tools/trading-tools.html]
[aegontrade.com/assets/newfront/images/tools/trading_conditions/website-header-tradingconditions-m.jpg]
[aegontrade.com/assets/newfront/images/tools/trading_conditions/website-header-tradingconditions-d.jpg]
[aegontrade.com/assets/newfront/images/tools/trading_conditions/website-header-tradingconditions-d-ar-v1.jpg]
[aegontrade.com/assets/newfront/images/tools/trading_conditions/website-header-tradingconditions-d-ar.jpg]
[aegontrade.com/products/digital-assets.html]
[aegontrade.com/tools/trading-conditions.html]
[aegontrade.com/account/demo-account.html]
[aegontrade.com/ar/mexglobal.html]
[aegontrade.com/public_files/images/header-footer/logos/logo-mexae1b26.html]
[aegontrade.com/assets/newfront/images/group-home/tab-mex-social-trading.svg]
[aegontrade.com/assets/newfront/images/group-home/tab-mex-digital.svg]
[aegontrade.com/video]
[aegontrade.com/video/index.html]
[aegontrade.com/assets/newfront/images/social_trading/new/svgs/icon-successfulTrader.svg]
[aegontrade.com/assets/newfront/images/social_trading/new/svgs/icon-investPortfolio.svg]
[aegontrade.com/assets/newfront/images/social_trading/new/svgs/icon-customerService.svg]
[aegontrade.com/assets/newfront/images/social_trading/new/svgs/icon-globalRegulated.svg]
[aegontrade.com/public_files/images/platforms/download_center/download-brochure-desktop.html]
[aegontrade.com/public_files/images/platforms/download_center/download-brochure-desktop-hover.html]
[aegontrade.com/public_files/images/platforms/download_center/download-brochure-mob.html]
[aegontrade.com/public_files/images/platforms/download_center/download-brochure-mob-hover.html]
[aegontrade.com/public_files/images/platforms/download_center/buttons/download-mfx-brochure-desktop-ar.html]
[aegontrade.com/public_files/images/platforms/download_center/buttons/download-mfx-brochure-desktop-ar-hover.html]
[aegontrade.com/public_files/images/platforms/download_center/buttons/download-mfx-brochure-mobile-ar.html]
[aegontrade.com/public_files/images/platforms/download_center/buttons/download-mfx-brochure-mobile-ar-hover.html]
[aegontrade.com/public_files/images/platforms/download_center/buttons/download-mfx-brochure-desktop-fr.html]
[aegontrade.com/public_files/images/platforms/download_center/buttons/download-mfx-brochure-desktop-fr-hovered.html]
[aegontrade.com/public_files/images/platforms/download_center/buttons/download-mfx-brochure-mobile-fr.html]
[aegontrade.com/public_files/images/platforms/download_center/buttons/download-mfx-brochure-mobile-fr-hovered.html]
[aegontrade.com/public_files/images/platforms/download_center/buttons/download-mfx-brochure-desktop-it.html]
[aegontrade.com/public_files/images/platforms/download_center/buttons/download-mfx-brochure-desktop-it-hovered.html]
[aegontrade.com/public_files/images/platforms/download_center/buttons/download-mfx-brochure-mobile-it.html]
[aegontrade.com/public_files/images/platforms/download_center/buttons/download-mfx-brochure-mobile-it-hovered.html]
[aegontrade.com/public_files/images/platforms/download_center/buttons/download-mfx-brochure-desktop-latam.html]
[aegontrade.com/public_files/images/platforms/download_center/buttons/download-mfx-brochure-desktop-latam-hovered.html]
[aegontrade.com/public_files/images/platforms/download_center/buttons/download-mfx-brochure-mobile-latam.html]
[aegontrade.com/public_files/images/platforms/download_center/buttons/download-mfx-brochure-mobile-latam-hovered.html]
[aegontrade.com/public_files/images/platforms/download_center/buttons/download-mfx-brochure-desktop-ru.html]
[aegontrade.com/public_files/images/platforms/download_center/buttons/download-mfx-brochure-desktop-ru-hovered.html]
[aegontrade.com/public_files/images/platforms/download_center/buttons/download-mfx-brochure-mobile-ru.html]
[aegontrade.com/public_files/images/platforms/download_center/buttons/download-mfx-brochure-mobile-ru-hovered.html]
[aegontrade.com/public_files/images/platforms/download_center/buttons/download-mfx-brochure-desktop-tw.html]
[aegontrade.com/public_files/images/platforms/download_center/buttons/download-mfx-brochure-desktop-tw-hovered.html]
[aegontrade.com/public_files/images/platforms/download_center/buttons/download-mfx-brochure-mobile-tw.html]
[aegontrade.com/public_files/images/platforms/download_center/buttons/download-mfx-brochure-mobile-tw-hovered.html]
[aegontrade.com/public_files/images/platforms/download_center/buttons/download-mfx-brochure-desktop-zh.html]
[aegontrade.com/public_files/images/platforms/download_center/buttons/download-mfx-brochure-desktop-zh-hovered.html]
[aegontrade.com/public_files/images/platforms/download_center/buttons/download-mfx-brochure-mobile-zh.html]
[aegontrade.com/public_files/images/platforms/download_center/buttons/download-mfx-brochure-mobile-zh-hovered.html]
[aegontrade.com/document.html]
[aegontrade.com/assets/newfront/images/home/animated-home/performing-products/index.html]
[copyexptrade.com/assets/templates/basic/newfront/css/custom.css]
[copyexptrade.com/assets/templates/basic/newfront/css/animate.min.css]
[aegontrade.com/assets/newfront/images/home/animated-home/trading-platforms/check.svg]
[multibankfx.com/public_files/images/landing_page/common/logos.html]
[multibankfx.com/public_files/images/landing_page/common/logos@2x.html]
[aegontrade.com/assets/templates/basic/newfront/svg/icon-risk.svg]
[aegontrade.com/assets/templates/basic/newfront/svg/icon-21.svg]
[aegontrade.com/assets/newfront/auth/client/images/loading.f657825a.gif]
[aegontrade.com/assets/newfront/auth/client/images/ghost_dlfront_portrait.5fc7aa39.png]
[aegontrade.com/assets/newfront/auth/client/images/ghost_passport_portrait.5b727fe4.png]
[aegontrade.com/assets/newfront/auth/client/images/ghost_selfie_portrait.8125be50.gif]
[aegontrade.com/assets/newfront/auth/client/images/ghost_selfie_portrait_green.016eef4c.gif]
[aegontrade.com/assets/newfront/auth/client/images/ghost_dlfront.d674ee11.png]
[aegontrade.com/assets/newfront/auth/client/images/ghost_passport.8121afdf.png]
[aegontrade.com/assets/newfront/auth/client/images/ghost_selfie.c38b0d76.gif]
[aegontrade.com/assets/newfront/auth/client/images/ghost_selfie_green.fe6a963e.gif]
[aegontrade.com/assets/newfront/auth/client/fonts/fa-light-300.3880c3bf.eot]
[aegontrade.com/assets/newfront/auth/client/fonts/fa-light-300.ddad15b5.woff2]
[aegontrade.com/assets/newfront/auth/client/fonts/fa-light-300.1ed50f16.woff]
[aegontrade.com/assets/newfront/auth/client/fonts/fa-light-300.12090f9e.ttf]
[aegontrade.com/assets/newfront/auth/client/fonts/fa-brands-400.ec9e9b64.eot]
[aegontrade.com/assets/newfront/auth/client/fonts/fa-brands-400.0ffa8f97.woff2]
[aegontrade.com/assets/newfront/auth/client/fonts/fa-brands-400.7142440b.woff]
[aegontrade.com/assets/newfront/auth/client/fonts/fa-brands-400.78ea304d.ttf]
[aegontrade.com/assets/newfront/auth/client/fonts/fa-solid-900.86cb227a.eot]
[aegontrade.com/assets/newfront/auth/client/fonts/fa-solid-900.35fd7cac.woff2]
[aegontrade.com/assets/newfront/auth/client/fonts/fa-solid-900.947ecf34.woff]
[aegontrade.com/assets/newfront/auth/client/fonts/fa-solid-900.113c9fd1.ttf]
[aegontrade.com/assets/newfront/auth/client/fonts/nextgen-icons.ae41a452.eot]
[aegontrade.com/assets/newfront/auth/client/fonts/nextgen-icons.31f50303.woff2]
[aegontrade.com/assets/newfront/auth/client/fonts/nextgen-icons.e82c7343.woff]
[aegontrade.com/assets/newfront/auth/client/fonts/nextgen-icons.986d43b5.ttf]
[aegontrade.com/assets/newfront/auth/client/images/rotate.d30de40a.png]
[aegontrade.com/assets/newfront/auth/client/fonts/summernote.bd0d8be1.eot]
[aegontrade.com/assets/newfront/auth/client/fonts/summernote.7c9436ed.woff2]
[aegontrade.com/assets/newfront/auth/client/fonts/summernote.08c343ff.woff]
[aegontrade.com/assets/newfront/auth/client/fonts/summernote.b293d601.ttf]
[aegontrade.com/assets/newfront/auth/client/images/flags.e63d9e31.png]
[aegontrade.com/assets/newfront/auth/client/images/journey/welcome-onboard/fund-your-account.png]
[aegontrade.com/assets/newfront/auth/client/images/journey/welcome-onboard/fund-your-account-mobile.png]
[aegontrade.com/assets/newfront/auth/client/images/flags.007b2705.png]
[aegontrade.com/assets/newfront/auth/client/images/flags@2x.9d5328fb.png]
[aegontrade.com/assets/newfront/auth/client/app﹖ver=3.13.14.css]
[use.typekit.net/af/d81a8f/00000000000000007735a0e3/30/le196]
[use.typekit.net/af/d81a8f/00000000000000007735a0e3/30/de196]
[use.typekit.net/af/d81a8f/00000000000000007735a0e3/30/ae196]
[use.typekit.net/af/b22996/00000000000000007735a0e8/30/l3eab]
[use.typekit.net/af/b22996/00000000000000007735a0e8/30/d3eab]
[use.typekit.net/af/b22996/00000000000000007735a0e8/30/a3eab]
[use.typekit.net/af/43f61b/00000000000000007735a0ec/30/l652f]
[use.typekit.net/af/43f61b/00000000000000007735a0ec/30/d652f]
[use.typekit.net/af/43f61b/00000000000000007735a0ec/30/a652f]
[use.typekit.net/af/c3ea41/00000000000000007735a0f1/30/l49af]
[use.typekit.net/af/c3ea41/00000000000000007735a0f1/30/d49af]
[use.typekit.net/af/bed39a/00000000000000007735a0f4/30/le003]
[use.typekit.net/af/bed39a/00000000000000007735a0f4/30/de003]
[use.typekit.net/af/bed39a/00000000000000007735a0f4/30/ae003]
[use.typekit.net/af/b46243/00000000000000007735a0f7/30/l5bba]
[use.typekit.net/af/b46243/00000000000000007735a0f7/30/d5bba]
[use.typekit.net/af/b46243/00000000000000007735a0f7/30/a5bba]
[use.typekit.net/af/e3a2bf/00000000000000007735a0fd/30/lc150]
[use.typekit.net/af/e3a2bf/00000000000000007735a0fd/30/dc150]
[use.typekit.net/af/e3a2bf/00000000000000007735a0fd/30/ac150]
[use.typekit.net/af/f6e186/00000000000000007735b84d/30/l49af]
[use.typekit.net/af/f6e186/00000000000000007735b84d/30/d49af]
[use.typekit.net/af/c3ea41/00000000000000007735a0f1/30/a49af]
[use.typekit.net/af/f6e186/00000000000000007735b84d/30/a49af]
[use.typekit.net/af/e452eb/00000000000000007735b847/30/l0d33]
[use.typekit.net/af/e452eb/00000000000000007735b847/30/d0d33]
[use.typekit.net/af/e452eb/00000000000000007735b847/30/a0d33]
[use.typekit.net/af/b4bf25/00000000000000007735b853/30/l3eab]
[use.typekit.net/af/b4bf25/00000000000000007735b853/30/d3eab]
[use.typekit.net/af/b4bf25/00000000000000007735b853/30/a3eab]
[use.typekit.net/af/c5ff1e/00000000000000007735b86a/30/laaa3]
[use.typekit.net/af/c5ff1e/00000000000000007735b86a/30/daaa3]
[use.typekit.net/af/c5ff1e/00000000000000007735b86a/30/aaaa3]
[use.typekit.net/af/6a73f9/00000000000000007735b85a/30/le196]
[use.typekit.net/af/6a73f9/00000000000000007735b85a/30/de196]
[use.typekit.net/af/6a73f9/00000000000000007735b85a/30/ae196]
[use.typekit.net/af/66731d/00000000000000007735b85f/30/lfdcc]
[use.typekit.net/af/66731d/00000000000000007735b85f/30/dfdcc]
[use.typekit.net/af/66731d/00000000000000007735b85f/30/afdcc]
[use.typekit.net/af/887fe7/00000000000000007735b864/30/l5bba]
[use.typekit.net/af/887fe7/00000000000000007735b864/30/d5bba]
[use.typekit.net/af/887fe7/00000000000000007735b864/30/a5bba]
[use.typekit.net/af/806c3c/00000000000000007735b86f/30/l1f8b]
[use.typekit.net/af/806c3c/00000000000000007735b86f/30/d1f8b]
[use.typekit.net/af/806c3c/00000000000000007735b86f/30/a1f8b]
[use.typekit.net/af/b54f42/00000000000000007735b86e/30/l652f]
[use.typekit.net/af/b54f42/00000000000000007735b86e/30/d652f]
[use.typekit.net/af/b54f42/00000000000000007735b86e/30/a652f]
[use.typekit.net/af/c09ab3/00000000000000007735b870/30/le265]
[use.typekit.net/af/c09ab3/00000000000000007735b870/30/de265]
[use.typekit.net/af/c09ab3/00000000000000007735b870/30/ae265]
[use.typekit.net/af/f9bc55/00000000000000007735b871/30/lc150]
[use.typekit.net/af/f9bc55/00000000000000007735b871/30/dc150]
[use.typekit.net/gml4hsn.css]
[aegontrade.com/password/reset.html]
[aegontrade.com/assets/global/css/iziToast.min.css]
[aegontrade.com/assets/newfront/images/landing_page/lp/ib-offer-2022/trading.svg]
[aegontrade.com/assets/newfront/images/home-2021-nov/candles.svg]
[aegontrade.com/..https_/aegontrade.com/assets/newfront/images/contact/flags-sprite﹖v1.html]
[aegontrade.com/..https_/aegontrade.com/assets/newfront/images/contact/flag-globe.html]
[aegontrade.com/assets/newfront/images/mex-atlantic/pdf/AGR_MEXATL_ClientAgreement_v7_20210830.html]
[aegontrade.com/assets/newfront/images/mex-atlantic/pdf/MEXAtlantic_PrivacyPolicy.html]
[aegontrade.com/assets/newfront/images/mex-atlantic/pdf/MEXAtlantic_CookiePolicy.html]
[aegontrade.com/assets/newfront/images/about_us/why-multibank/Group 5630.svg]
[aegontrade.com/assets/newfront/images/about_us/why-multibank/Group 5621.svg]
[aegontrade.com/assets/newfront/images/about_us/why-multibank/Group 5628.svg]
[aegontrade.com/assets/newfront/images/about_us/why-multibank/Group 5627.svg]
[aegontrade.com/assets/newfront/images/about_us/why-multibank/Group 5622.svg]
[aegontrade.com/assets/newfront/images/about_us/why-multibank/Group 5629.svg]
[cms.multibankfx.com/public_files/images/about_us/why-multibank/Mask Group 29.html]
[aegontrade.com/about/account/demo-account.html]
[cdnjs.cloudflare.com/ajax/libs/Swiper/8.0.6/swiper-bundle.css]
[aegontrade.com/assets/newfront/images/landing_page/swap-free-new/Candle Sticks.svg]
[aegontrade.com/public_files/images/social_trading/new/svgs/3d-gold.html]
[aegontrade.com/assets/newfront/images/about_us/career_new_page/icon-innovativeculture.svg]
[aegontrade.com/assets/newfront/images/about_us/career_new_page/icon-salaries.svg]
[aegontrade.com/assets/newfront/images/about_us/career_new_page/icon-multicultural.svg]
[aegontrade.com/assets/newfront/images/about_us/career_new_page/icon-medicalscheme.svg]
[aegontrade.com/assets/newfront/images/about_us/career_new_page/backlines-m.svg]
[aegontrade.com/products/account/demo-account.html]
[aegontrade.com/products/document.html]
[aegontrade.com/assets/newfront/images/social_trading/new/svgs/icn-socialTrading-learn.svg]
[aegontrade.com/assets/newfront/images/social_trading/new/svgs/icn-socialTrading-time.svg]
[aegontrade.com/assets/newfront/images/social_trading/new/svgs/icn-socialTrading-diversification.svg]
[aegontrade.com/assets/newfront/images/social_trading/new/svgs/icn-socialTrading-community.svg]
[aegontrade.com/assets/newfront/images/social_trading/new/svgs/icn-socialTrading-transparent.svg]
[aegontrade.com/assets/newfront/images/products/forex/EURUSD-1.svg]
[aegontrade.com/assets/newfront/images/products/forex/USDJPY.svg]
[aegontrade.com/assets/newfront/images/products/forex/GBPUSD.svg]
[aegontrade.com/assets/newfront/images/products/forex/USDCHF.svg]
[cdn.datatables.net/v/dt/dt-1.12.1/datatables.min.css]
[aegontrade.com/assets/newfront/images/products/newproducts/search.svg]
[aegontrade.com/assets/newfront/images/products/newproducts/flag/fx-.html]
[aegontrade.com/assets/newfront/images/platforms/left-curve.svg]
[aegontrade.com/assets/newfront/images/platforms/candles-white-bg.svg]
[aegontrade.com/products/-hover.html]
[aegontrade.com/products/-hover-2.html]
[aegontrade.com/tools/account/demo-account.html]
[aegontrade.com/assets/newfront/images/landing_page/IB-LP/white-bg-new.svg]
[cdnjs.cloudflare.com/ajax/libs/font-awesome/5.14.0/css/all.min.css]
[mexgroup.com/de/public_files/images/tools/png/Trading_tools-Header-3.html]
[aegontrade.com/assets/newfront/images/landing_page/md-checkbox-outline-1.svg]
[aegontrade.com/products/digital-assets.html]
[aegontrade.com/assets/newfront/images/landing_page/Component 279 – 1.svg]
[aegontrade.com/video.html]
[use.typekit.net/af/f9bc55/00000000000000007735b871/30/ac150]
[aegontrade.com/assets/newfront/auth/client/images/fa-light-300.f60aba8f.svg]
[aegontrade.com/assets/newfront/auth/client/images/fa-brands-400.6e6cd4c5.svg]
[aegontrade.com/assets/newfront/auth/client/images/fa-solid-900.01998dc7.svg]
[aegontrade.com/assets/newfront/auth/client/images/nextgen-icons.14b2c407.svg]
[aegontrade.com/assets/newfront/auth/client/images/svg/candles.svg]
[my.multibankfx.com/build/client/images/platform-os/img-multiBank-cTrader.html]
[aegontrade.com/assets/newfront/auth/client/images/payment/arrow-down.svg]
[aegontrade.com/assets/newfront/auth/client/images/bg-candles.ffd92b1c.svg]
[aegontrade.com/assets/newfront/auth/client/images/candles-red-green.81902b3f.svg]
[aegontrade.com/assets/newfront/auth/client/images/bg-candles-small.075af8d5.svg]
[aegontrade.com/assets/newfront/auth/client/images/bg-signup.html]
[my.multibankfx.com/public_files/images/home/blue-home/bono-item.html]
[p.typekit.net/p6223.css]
